MSBuild version 17.14.23+b0019275e for .NET Framework

  1>Checking Build System
  Building Custom Rule E:/airs/Simulation/dase_cli/CMakeLists.txt
  python_bridge.cpp
  engine_fft_analysis.cpp
  analysis_router.cpp
  Generating Code...
  analysis_integration.vcxproj -> E:\airs\build\dase_cli\Release\analysis_integration.lib
  Building Custom Rule E:/airs/Simulation/CMakeLists.txt
cl : command line  warning D9025: overriding '/Ob2' with '/Ob3' [E:\airs\build\igsoa_utils.vcxproj]
  logger.cpp
  igsoa_utils.vcxproj -> E:\airs\build\Release\igsoa_utils.lib
  Building Custom Rule E:/airs/Simulation/CMakeLists.txt
cl : command line  warning D9025: overriding '/Ob2' with '/Ob3' [E:\airs\build\igsoa_gw_core.vcxproj]
  symmetry_field.cpp
  fractional_solver.cpp
  projection_operators.cpp
  source_manager.cpp
  echo_generator.cpp
  igsoa_gw_core.vcxproj -> E:\airs\build\Release\igsoa_gw_core.lib
  Building Custom Rule E:/airs/Simulation/CMakeLists.txt
cl : command line  warning D9025: overriding '/Ob2' with '/Ob3' [E:\airs\build\sid_ssp_capi.vcxproj]
  sid_capi.cpp
  sid_ssp_capi.vcxproj -> E:\airs\build\Release\sid_ssp_capi.lib
  Building Custom Rule E:/airs/Simulation/dase_cli/CMakeLists.txt
  main.cpp
  command_router.cpp
  engine_manager.cpp
  Generating Code...
  sid_ssp_capi.lib(sid_capi.obj) : MSIL .netmodule or module compiled with /GL found; restarting link with /LTCG; add /LTCG to the link command line to improve linker performance
engine_manager.obj : error LNK2001: unresolved external symbol __imp_fftw_execute [E:\airs\build\dase_cli\dase_cli.vcxproj]
engine_manager.obj : error LNK2001: unresolved external symbol __imp_fftw_plan_dft_1d [E:\airs\build\dase_cli\dase_cli.vcxproj]
engine_manager.obj : error LNK2001: unresolved external symbol __imp_fftw_destroy_plan [E:\airs\build\dase_cli\dase_cli.vcxproj]
engine_manager.obj : error LNK2001: unresolved external symbol __imp_fftw_cleanup [E:\airs\build\dase_cli\dase_cli.vcxproj]
engine_manager.obj : error LNK2001: unresolved external symbol __imp_fftw_malloc [E:\airs\build\dase_cli\dase_cli.vcxproj]
engine_manager.obj : error LNK2001: unresolved external symbol __imp_fftw_free [E:\airs\build\dase_cli\dase_cli.vcxproj]
E:\airs\build\dase_cli\Release\dase_cli.exe : fatal error LNK1120: 6 unresolved externals [E:\airs\build\dase_cli\dase_cli.vcxproj]
  Building Custom Rule E:/airs/Simulation/CMakeLists.txt
cl : command line  warning D9025: overriding '/Ob2' with '/Ob3' [E:\airs\build\dase_core.vcxproj]
  analog_universal_node_engine_avx2.cpp
  dase_core.vcxproj -> E:\airs\build\Release\dase_core.lib
  Building Custom Rule E:/airs/Simulation/CMakeLists.txt
cl : command line  warning D9025: overriding '/Ob2' with '/Ob3' [E:\airs\build\dase_engine.vcxproj]
  dase_capi.cpp
     Creating library E:/airs/build/Release/dase_engine.lib and object E:/airs/build/Release/dase_engine.exp
dase_core.lib(analog_universal_node_engine_avx2.obj) : error LNK2001: unresolved external symbol __imp_fftw_malloc [E:\airs\build\dase_engine.vcxproj]
dase_core.lib(analog_universal_node_engine_avx2.obj) : error LNK2001: unresolved external symbol __imp_fftw_execute_dft [E:\airs\build\dase_engine.vcxproj]
dase_core.lib(analog_universal_node_engine_avx2.obj) : error LNK2001: unresolved external symbol __imp_fftw_plan_dft_1d [E:\airs\build\dase_engine.vcxproj]
dase_core.lib(analog_universal_node_engine_avx2.obj) : error LNK2001: unresolved external symbol __imp_fftw_destroy_plan [E:\airs\build\dase_engine.vcxproj]
dase_core.lib(analog_universal_node_engine_avx2.obj) : error LNK2001: unresolved external symbol __imp_fftw_execute [E:\airs\build\dase_engine.vcxproj]
dase_core.lib(analog_universal_node_engine_avx2.obj) : error LNK2001: unresolved external symbol __imp_fftw_free [E:\airs\build\dase_engine.vcxproj]
E:\airs\build\Release\dase_engine.dll : fatal error LNK1120: 6 unresolved externals [E:\airs\build\dase_engine.vcxproj]
  Building Custom Rule E:/airs/Simulation/CMakeLists.txt
cl : command line  warning D9025: overriding '/Ob2' with '/Ob3' [E:\airs\build\dase_engine_phase4b.vcxproj]
  dase_capi.cpp
     Creating library E:/airs/build/Release/dase_engine_phase4b.lib and object E:/airs/build/Release/dase_engine_phase4b.exp
dase_core.lib(analog_universal_node_engine_avx2.obj) : error LNK2001: unresolved external symbol __imp_fftw_malloc [E:\airs\build\dase_engine_phase4b.vcxproj]
dase_core.lib(analog_universal_node_engine_avx2.obj) : error LNK2001: unresolved external symbol __imp_fftw_execute_dft [E:\airs\build\dase_engine_phase4b.vcxproj]
dase_core.lib(analog_universal_node_engine_avx2.obj) : error LNK2001: unresolved external symbol __imp_fftw_plan_dft_1d [E:\airs\build\dase_engine_phase4b.vcxproj]
dase_core.lib(analog_universal_node_engine_avx2.obj) : error LNK2001: unresolved external symbol __imp_fftw_destroy_plan [E:\airs\build\dase_engine_phase4b.vcxproj]
dase_core.lib(analog_universal_node_engine_avx2.obj) : error LNK2001: unresolved external symbol __imp_fftw_execute [E:\airs\build\dase_engine_phase4b.vcxproj]
dase_core.lib(analog_universal_node_engine_avx2.obj) : error LNK2001: unresolved external symbol __imp_fftw_free [E:\airs\build\dase_engine_phase4b.vcxproj]
E:\airs\build\Release\dase_engine_phase4b.dll : fatal error LNK1120: 6 unresolved externals [E:\airs\build\dase_engine_phase4b.vcxproj]
  Building Custom Rule E:/airs/Simulation/CMakeLists.txt
cl : command line  warning D9025: overriding '/Ob2' with '/Ob3' [E:\airs\build\dase_step_runner.vcxproj]
  dase_step_runner.cpp
  dase_step_runner.obj : MSIL .netmodule or module compiled with /GL found; restarting link with /LTCG; add /LTCG to the link command line to improve linker performance
  Generating code
  Finished generating code
  dase_step_runner.vcxproj -> E:\airs\build\Release\dase_step_runner.exe
  Building Custom Rule E:/airs/Simulation/CMakeLists.txt
cl : command line  warning D9025: overriding '/Ob2' with '/Ob3' [E:\airs\build\sid_cli.vcxproj]
  sid_cli.cpp
  sid_cli.obj : MSIL .netmodule or module compiled with /GL found; restarting link with /LTCG; add /LTCG to the link command line to improve linker performance
  Generating code
  Finished generating code
  sid_cli.vcxproj -> E:\airs\build\Release\sid_cli.exe
  Building Custom Rule E:/airs/Simulation/CMakeLists.txt
cl : command line  warning D9025: overriding '/Ob2' with '/Ob3' [E:\airs\build\sid_step_runner.vcxproj]
  sid_step_runner.cpp
  sid_step_runner.obj : MSIL .netmodule or module compiled with /GL found; restarting link with /LTCG; add /LTCG to the link command line to improve linker performance
  Generating code
  Finished generating code
  sid_step_runner.vcxproj -> E:\airs\build\Release\sid_step_runner.exe
